[blogs.adb.org/how-to-deliver-the-disaster-resilient-infrastructure-that-asia-needs6c3c.html]
[blogs.adb.org/misc/favicon.ico]
[blogs.adb.org/sites/blogs/files/17337409823_119b01e031_c.jpg]
[blogs.adb.org/how-to-deliver-the-disaster-resilient-infrastructure-that-asia-needs.html]
[backblue.gif]
[fade.gif]
[index.html]
[blogs.adb.org/sites/all/themes/blog_2019/img/favicons/apple-touch-icon.png]
[blogs.adb.org/sites/all/themes/blog_2019/img/favicons/favicon-32x32.png]
[blogs.adb.org/sites/all/themes/blog_2019/img/favicons/favicon-16x16.png]
[blogs.adb.org/sites/all/themes/blog_2019/img/favicons/manifest.json]
[blogs.adb.org/sites/all/themes/blog_2019/img/favicons/favicon.ico]
[blogs.adb.org/sites/all/themes/blog_2019/img/favicons/browserconfig.xml]
[blogs.adb.org/sites/blogs/files/css/css_lQaZfjVpwP_oGNqdtWCSpJT1EMqXdMiU84ekLLxQnc4.css]
[blogs.adb.org/sites/blogs/files/css/css_ZtWbXrpRh1ygpGID1BAjRFerHhVCT7f0lXrWY8JuuV8.css]
[blogs.adb.org/sites/blogs/files/css/css_prgoXKKQwzUfZGdrI42CKYDSynNpBwTfc8jYTqf2bgc.css]
[blogs.adb.org/sites/blogs/files/css/css_J2D2radOCp_vNsnT74yZZ6MGZM6KvbDxE6N4Xog2gg8.css]
[blogs.adb.org/sites/all/themes/blog_2019/img/favicons/mstile-144x144.png]
[blogs.adb.org/index.html]
[blogs.adb.org/archive/topics.html]
[blogs.adb.org/archive/countries.html]
[blogs.adb.org/archive/authors3.html]
[blogs.adb.org/cdn-cgi/l/email-protection.html]
[blogs.adb.org/archive/country/10396.html]
[blogs.adb.org/archive/country/10401.html]
[blogs.adb.org/archive/country/10406.html]
[blogs.adb.org/archive/country/10411.html]
[blogs.adb.org/archive/country/10416.html]
[blogs.adb.org/archive/language/dz.html]
[blogs.adb.org/archive/country/10421.html]
[blogs.adb.org/archive/country/10426.html]
[blogs.adb.org/archive/language/km.html]
[blogs.adb.org/archive/country/10431.html]
[blogs.adb.org/archive/language/zh-hans.html]
[blogs.adb.org/archive/country/10436.html]
[blogs.adb.org/archive/country/10441.html]
[blogs.adb.org/archive/country/10446.html]
[blogs.adb.org/archive/language/ka.html]
[blogs.adb.org/archive/country/10451.html]
[blogs.adb.org/archive/country/10456.html]
[blogs.adb.org/archive/country/10461.html]
[blogs.adb.org/archive/language/id.html]
[blogs.adb.org/archive/country/10466.html]
[blogs.adb.org/archive/country/10471.html]
[blogs.adb.org/archive/language/ru.html]
[blogs.adb.org/archive/country/10476.html]
[blogs.adb.org/archive/country/10481.html]
[blogs.adb.org/archive/country/10486.html]
[blogs.adb.org/archive/country/10491.html]
[blogs.adb.org/archive/language/lo.html]
[blogs.adb.org/archive/country/10496.html]
[blogs.adb.org/archive/country/10501.html]
[blogs.adb.org/archive/country/10506.html]
[blogs.adb.org/archive/country/10511.html]
[blogs.adb.org/archive/country/10516.html]
[blogs.adb.org/archive/language/mn.html]
[blogs.adb.org/archive/country/10521.html]
[blogs.adb.org/archive/country/10526.html]
[blogs.adb.org/archive/country/10531.html]
[blogs.adb.org/archive/language/ne.html]
[blogs.adb.org/archive/country/34411.html]
[blogs.adb.org/archive/country/10536.html]
[blogs.adb.org/archive/country/10541.html]
[blogs.adb.org/archive/country/10546.html]
[blogs.adb.org/archive/country/10551.html]
[blogs.adb.org/archive/country/10556.html]
[blogs.adb.org/archive/country/10561.html]
[blogs.adb.org/archive/country/10566.html]
[blogs.adb.org/archive/country/10571.html]
[blogs.adb.org/archive/country/10576.html]
[blogs.adb.org/archive/country/10581.html]
[blogs.adb.org/archive/country/10586.html]
[blogs.adb.org/archive/country/10591.html]
[blogs.adb.org/archive/country/10596.html]
[blogs.adb.org/archive/country/10601.html]
[blogs.adb.org/archive/country/10606.html]
[blogs.adb.org/archive/country/10611.html]
[blogs.adb.org/archive/country/10616.html]
[blogs.adb.org/archive/country/10621.html]
[blogs.adb.org/archive/language/vi.html]
[blogs.adb.org/archive/subject/28.html]
[blogs.adb.org/archive/subject/33.html]
[blogs.adb.org/zh/how-deliver-disaster-resilient-infrastructure-asia-needs.html]
[blogs.adb.org/forms/subscribe.html]
[blogs.adb.org/print/node/9536.html]
[blogs.adb.org/author/steven-goldfinch.html]
[blogs.adb.org/sites/blogs/files/styles/square_100/public/pictures/Steven Goldfinchfefa.jpg]
[blogs.adb.org/blog/how-can-we-help-millions-displaced-each-year-disasters.html]
[blogs.adb.org/node/9621.html]
[blogs.adb.org/blog/four-ways-fund-viet-nam-s-cop26-climate-commitments.html]
[blogs.adb.org/blog/are-economic-growth-and-biodiversity-compatible.html]
[blogs.adb.org/blog/how-providing-sustainable-finance-more-women-helps-fight-climate-change.html]
[blogs.adb.org/node/10141.html]
[blogs.adb.org/node/10076.html]
[blogs.adb.org/disclaimer.html]
[blogs.adb.org/reuse-policy.html]
[blogs.adb.org/cdn-cgi/scripts/5c5dd728/cloudflare-static/email-decode.min.js]
[ajax.googleapis.com/ajax/libs/jquery/1.10.2/jquery.min.js]
[blogs.adb.org/sites/blogs/files/js/js_Hfha9RCTNm8mqMDLXriIsKGMaghzs4ZaqJPLj2esi7s.js]
[blogs.adb.org/sites/all/modules/jquery_update/replace/jquery/1.10/jquery.min.js]
[sadmin.brightcove.com/js/BrightcoveExperiences.js]
[blogs.adb.org/sites/blogs/files/js/js_kpEayaJ56Ykm95im9UYLJxeEb3eIXbm17HYT2X9Dllk.js]
[www.google-analytics.com/analytics.js]
[blogs.adb.org/sites/blogs/files/js/js_tzEGTRyjbSNo4GS4Eh6_ZJb5BgaDvQF9UshkdxwThp0.js]
[amplify.outbrain.com/cp/obtp.js]
[blogs.adb.org/sites/blogs/files/js/js_EyI7vpyRfKD060M2j7cRJ_HxgW9yESHej4iZCM6wb84.js]
[snap.licdn.com/li.lms-analytics/insight.min.js]
[blogs.adb.org/how-to-deliver-the-disaster-resilient-infrastructure-that-asia-needs6c3c.html]
[blogs.adb.org/cdn-cgi/scripts/7d0fa10a/cloudflare-static/rocket-loader.min.js]
[blogs.adb.org/how-to-deliver-the-disaster-resilient-infrastructure-that-asia-needs.html]
[blogs.adb.org/blog/confronting-asia-s-triple-threat-climate-change-biodiversity-loss-and-food-insecurity.html]
[blogs.adb.org/misc/throbber-inactive.png]
[blogs.adb.org/misc/throbber-active.gif]
[blogs.adb.org/misc/grippie.png]
[blogs.adb.org/misc/draggable.png]
[blogs.adb.org/misc/tree.png]
[blogs.adb.org/misc/tree-bottom.png]
[blogs.adb.org/sites/blogs/files/css/css_lQaZfjVpwP_oGNqdtWCSpJT1EMqXdMiU84ekLLxQnc4.css]
[blogs.adb.org/sites/blogs/files/css/css_ZtWbXrpRh1ygpGID1BAjRFerHhVCT7f0lXrWY8JuuV8.css]
[blogs.adb.org/sites/all/modules/ctools/images/status-active.gif]
[blogs.adb.org/sites/blogs/files/css/css_prgoXKKQwzUfZGdrI42CKYDSynNpBwTfc8jYTqf2bgc.css]
[blogs.adb.org/sites/all/themes/blog_2019/fonts/adb.svg]
[blogs.adb.org/sites/all/themes/blog_2019/img/bg-blog-404.jpg]
[blogs.adb.org/sites/blogs/files/css/css_J2D2radOCp_vNsnT74yZZ6MGZM6KvbDxE6N4Xog2gg8.css]
[blogs.adb.org/sites/blogs/files/financial inclusion 2.jpg]
[blogs.adb.org/blog/government-backed-digital-currencies-can-be-powerful-tool-financial-inclusion.html]
[blogs.adb.org/archive/subject/34.html]
[blogs.adb.org/author/lotte-schou-zibell.html]
[blogs.adb.org/sites/blogs/files/Q&A image (11).jpg]
[blogs.adb.org/blog/your-questions-answered-what-trade-finance-gap-and-why-does-it-matter.html]
[blogs.adb.org/archive/subject/40.html]
[blogs.adb.org/archive/subject/3537.html]
[blogs.adb.org/author/steven-beck.html]
[blogs.adb.org/archive.html]
[blogs.adb.org/sites/blogs/files/3 oct.jpg]
[blogs.adb.org/archive/subject/35.html]
[blogs.adb.org/author/gisela-garzon-de-la-roza.html]
[blogs.adb.org/author/anne-valko-celestino.html]
[blogs.adb.org/blog/transition-finance-critical-address-climate-change.html]
[blogs.adb.org/sites/blogs/files/5 sept.jpg]
[blogs.adb.org/author/ma-jun.html]
[blogs.adb.org/author/akiko-terada-hagiwara.html]
[blogs.adb.org/blog/focus-climate-finance-results.html]
[blogs.adb.org/sites/blogs/files/10 March - CC.jpg]
[blogs.adb.org/author/garrett-kilroy.html]
[blogs.adb.org/author/nathan-subramaniam.html]
[blogs.adb.org/blog/these-policies-will-put-people-s-republic-china-path-green-economic-recovery.html]
[blogs.adb.org/sites/blogs/files/wu-lao-wm-V2twfokY-unsplash (1).jpg]
[blogs.adb.org/author/wen-qi.html]
[blogs.adb.org/blog/worsening-climate-emergency-and-tepid-cop25-underscore-need-urgent-global-action.html]
[blogs.adb.org/sites/blogs/files/COP25.jpg]
[blogs.adb.org/author/preety-bhandari.html]
[blogs.adb.org/blog/raising-climate-ambition-carbon-finance-holds-key.html]
[blogs.adb.org/sites/blogs/files/Khandke 2_Fotor.jpg]
[blogs.adb.org/author/woochong-um.html]
[blogs.adb.org/archive/subject/31761.html]
[blogs.adb.org/blog/which-asian-countries-are-most-supportive-digital-entrepreneurship.html]
[blogs.adb.org/sites/blogs/files/thumbnail 2.jpg]
[blogs.adb.org/author/donghyun-park.html]
[blogs.adb.org/author/yothin-jinjarak.html]
[blogs.adb.org/author/shu-tian.html]
[blogs.adb.org/blog/tracking-people-s-movement-after-disasters-can-save-lives.html]
[blogs.adb.org/sites/blogs/files/chart blog  (1200 × 650 px) (3).jpg]
[blogs.adb.org/author/madhavi-pundit.html]
[blogs.adb.org/author/priscille-villanueva.html]
[blogs.adb.org/blog/asian-trade-has-rebounded-strongly-yet-uncertainties-persist.html]
[blogs.adb.org/sites/blogs/files/Screen Shot 2022-02-23 at 10.46.08 AM_0.png]
[blogs.adb.org/author/jong-woo-kang.html]
[blogs.adb.org/author/mara-tayag.html]
[blogs.adb.org/blog/empowering-micro-small-and-medium-sized-enterprises-kazakhstan.html]
[blogs.adb.org/sites/blogs/files/kaz.jpg]
[blogs.adb.org/author/elmira-izmaganova.html]
[blogs.adb.org/author/pamela-bracey.html]
[blogs.adb.org/sites/blogs/files/vnm - cop.jpg]
[blogs.adb.org/author/donald-lambert.html]
[blogs.adb.org/sites/blogs/files/biodiversity.jpg]
[blogs.adb.org/author/francesco-ricciardi.html]
[blogs.adb.org/blog/it-time-tax-use-robots.html]
[blogs.adb.org/sites/blogs/files/robots.jpg]
[blogs.adb.org/archive/subject/36.html]
[blogs.adb.org/archive/subject/36656.html]
[blogs.adb.org/author/parthasarathi-shome.html]
[blogs.adb.org/author/daisuke-miura.html]
[blogs.adb.org/archive/subject/29.html]
[blogs.adb.org/blog/how-address-teaching-challenge-schools-across-pakistan.html]
[blogs.adb.org/sites/blogs/files/educ - pak.jpg]
[blogs.adb.org/archive/subject/30.html]
[blogs.adb.org/author/maleeha-rizwan.html]
[blogs.adb.org/author/kiyoshi-taniguchi.html]
[blogs.adb.org/sites/blogs/files/js/js_FVhN18bbqzYEkTilvl31hOmd8NQtZUZya3wnwWYKd_Y.js]
[blogs.adb.org/index.html]
[blogs.adb.org/sites/blogs/files/js/js_veLIvwTJR9rGBFEGHN9tb_V4BHKY4d6GJ0o6U_Tb3bc.js]
[blogs.adb.org/index2679.html]
[blogs.adb.org/archive/subject/35011.html]
[blogs.adb.org/sites/blogs/files/styles/medium_400x226/public/ADB admin and governance1857.jpg]
[blogs.adb.org/archive/subject/35051.html]
[blogs.adb.org/archive/subject/35036.html]
[blogs.adb.org/archive/subject/1786.html]
[blogs.adb.org/archive/subject/24.html]
[blogs.adb.org/sites/blogs/files/styles/medium_400x226/public/adb funds and products6e47.jpg]
[blogs.adb.org/archive/subject/26.html]
[blogs.adb.org/sites/blogs/files/styles/medium_400x226/public/agri and food security7634.jpg]
[blogs.adb.org/archive/subject/34746.html]
[blogs.adb.org/archive/subject/34751.html]
[blogs.adb.org/archive/subject/27.html]
[blogs.adb.org/sites/blogs/files/styles/medium_400x226/public/capacity developmenta34d.jpg]
[blogs.adb.org/sites/blogs/files/styles/medium_400x226/public/climate change47f0.jpg]
[blogs.adb.org/sites/blogs/files/styles/medium_400x226/public/Statistics7611.jpg]
[blogs.adb.org/archive/subject/315.html]
[blogs.adb.org/sites/blogs/files/styles/medium_400x226/public/digital-techonology067d.jpg]
[blogs.adb.org/sites/blogs/files/styles/medium_400x226/public/economics_018b1.jpg]
[blogs.adb.org/sites/blogs/files/styles/medium_400x226/public/alternate-education-2a797.jpg]
[blogs.adb.org/archive/subject/34816.html]
[blogs.adb.org/archive/subject/32.html]
[blogs.adb.org/sites/blogs/files/styles/medium_400x226/public/Energyfef8.jpg]
[blogs.adb.org/archive/subject/34866.html]
[blogs.adb.org/sites/blogs/files/styles/medium_400x226/public/environment80c7.jpg]
[blogs.adb.org/archive/subject/34831.html]
[blogs.adb.org/archive/subject/34856.html]
[blogs.adb.org/archive/subject/31.html]
[blogs.adb.org/sites/blogs/files/styles/medium_400x226/public/evaluation_04119.jpg]
[blogs.adb.org/sites/blogs/files/styles/medium_400x226/public/finance sector7514.jpg]
[blogs.adb.org/sites/blogs/files/styles/medium_400x226/public/gender and dev7b3c.jpg]
[blogs.adb.org/sites/blogs/files/styles/medium_400x226/public/governance and public management1599.jpg]
[blogs.adb.org/archive/subject/5048.html]
[blogs.adb.org/archive/subject/44571.html]
[blogs.adb.org/archive/subject/37.html]
[blogs.adb.org/sites/blogs/files/styles/medium_400x226/public/health_150f6.jpg]
[blogs.adb.org/archive/subject/33106.html]
[blogs.adb.org/archive/subject/33111.html]
[blogs.adb.org/archive/subject/38.html]
[blogs.adb.org/sites/blogs/files/styles/medium_400x226/public/industry and tradedcfd.jpg]
[blogs.adb.org/archive/subject/39.html]
[blogs.adb.org/sites/blogs/files/styles/medium_400x226/public/poverty_0009a.jpg]
[blogs.adb.org/archive/subject/2201.html]
[blogs.adb.org/sites/blogs/files/styles/medium_400x226/public/private-sector-devtc694.jpg]
[blogs.adb.org/archive/subject/3770.html]
[blogs.adb.org/archive/subject/41.html]
[blogs.adb.org/sites/blogs/files/styles/medium_400x226/public/RCI0550.jpg]
[blogs.adb.org/archive/subject/42.html]
[blogs.adb.org/sites/blogs/files/styles/medium_400x226/public/social developmentabf9.jpg]
[blogs.adb.org/archive/subject/33386.html]
[blogs.adb.org/archive/subject/316.html]
[blogs.adb.org/archive/subject/34726.html]
[blogs.adb.org/archive/subject/317.html]
[blogs.adb.org/archive/subject/34876.html]
[blogs.adb.org/archive/subject/34881.html]
[blogs.adb.org/archive/subject/314.html]
[blogs.adb.org/sites/blogs/files/styles/medium_400x226/public/transport_09635.jpg]
[blogs.adb.org/archive/subject/34981.html]
[blogs.adb.org/archive/subject/34951.html]
[blogs.adb.org/archive/subject/34976.html]
[blogs.adb.org/archive/subject/44.html]
[blogs.adb.org/sites/blogs/files/styles/medium_400x226/public/urban dev543e.jpg]
[blogs.adb.org/archive/subject/45.html]
[blogs.adb.org/sites/blogs/files/styles/medium_400x226/public/Water8e6e.jpg]
[blogs.adb.org/archive/topics.html]
[blogs.adb.org/archive/countries.html]
[blogs.adb.org/author/aaron-batten.html]
[blogs.adb.org/sites/blogs/files/styles/square_100/public/pictures/aaron batten_Fotor_0cc28.png]
[blogs.adb.org/author/abdul-abiad.html]
[blogs.adb.org/sites/blogs/files/styles/square_100/public/pictures/AAbaidab97.jpg]
[blogs.adb.org/author/adb-blog-team.html]
[blogs.adb.org/sites/blogs/files/styles/square_100/public/default_images/default33b2.png]
[blogs.adb.org/author/adb-insight.html]
[blogs.adb.org/author/aiko-kikkawa.html]
[blogs.adb.org/sites/blogs/files/styles/square_100/public/pictures/aiko_Fotor3808.jpg]
[blogs.adb.org/author/aileen-pangilinan.html]
[blogs.adb.org/sites/blogs/files/styles/square_100/public/pictures/APangilinan5f16.jpg]
[blogs.adb.org/author/aimee-hampel-milagrosa.html]
[blogs.adb.org/sites/blogs/files/styles/square_100/public/pictures/aimee_Fotor45c5.jpg]
[blogs.adb.org/author/aiming-zhou.html]
[blogs.adb.org/sites/blogs/files/styles/square_100/public/pictures/picture-557-1431657240_0502d.png]
[blogs.adb.org/sites/blogs/files/styles/square_100/public/pictures/Screen Shot 2022-09-01 at 2.18.45 PM4cc1.png]
[blogs.adb.org/author/akm-mahfuzuddin-ahmed.html]
[blogs.adb.org/sites/blogs/files/styles/square_100/public/pictures/ahmed-mahfuzuddin2e22.png]
[blogs.adb.org/author/akmal-siddiq.html]
[blogs.adb.org/sites/blogs/files/styles/square_100/public/pictures/dATT7-4C5A4301_Fotor5600.jpg]
[blogs.adb.org/author/alan-cairns.html]
[blogs.adb.org/sites/blogs/files/styles/square_100/public/pictures/AlanCairns33bb.jpg]
[blogs.adb.org/author/alan-isemonger.html]
[blogs.adb.org/sites/blogs/files/styles/square_100/public/pictures/AlanIsemonger_3Meg_Fotord2b9.jpg]
[blogs.adb.org/author/alastair-dingwall.html]
[blogs.adb.org/sites/blogs/files/styles/square_100/public/pictures/ADingwalld481.jpg]
[blogs.adb.org/author/albert-park.html]
[blogs.adb.org/sites/blogs/files/styles/square_100/public/pictures/albert-parke079.jpg]
[blogs.adb.org/author/aldrin-b-plaza.html]
[blogs.adb.org/sites/blogs/files/styles/square_100/public/pictures/aldrin-plazae6f3.png]
[blogs.adb.org/author/aleli-rosario.html]
[blogs.adb.org/sites/blogs/files/styles/square_100/public/pictures/thumbnail_image001_036a1.jpg]
[blogs.adb.org/author/alessandra-heinemann.html]
[blogs.adb.org/sites/blogs/files/styles/square_100/public/pictures/Heinemann_Fotore901.jpg]
[blogs.adb.org/author/alexandra-conroy.html]
[blogs.adb.org/sites/blogs/files/styles/square_100/public/pictures/download3f2e.png]
[blogs.adb.org/author/alexandra-galperin.html]
[blogs.adb.org/sites/blogs/files/styles/square_100/public/pictures/Screen Shot 2022-03-28 at 1.16.18 PMc1a7.png]
[blogs.adb.org/author/alexandra-pamela-chiang.html]
[blogs.adb.org/sites/blogs/files/styles/square_100/public/pictures/Alexandra Pamela53bd.jpg]
[blogs.adb.org/author/alexandra-soezer.html]
[blogs.adb.org/sites/blogs/files/styles/square_100/public/pictures/IMG_3512_Fotord0bf.jpg]
[blogs.adb.org/author/alexandra-vogl.html]
[blogs.adb.org/sites/blogs/files/styles/square_100/public/pictures/picture-564-1432017674_0fb0c.png]
[blogs.adb.org/author/alex-nash.html]
[blogs.adb.org/sites/blogs/files/styles/square_100/public/pictures/Alexander Nash-photo (1)defc.jpg]
[blogs.adb.org/author/alisa-dicaprio.html]
[blogs.adb.org/sites/blogs/files/styles/square_100/public/pictures/673 cropped_Fotor5a63.jpg]
[blogs.adb.org/author/alix-burrell.html]
[blogs.adb.org/sites/blogs/files/styles/square_100/public/pictures/ABurrell_1-use thisBaded.jpg]
[blogs.adb.org/author/allison-woodruff.html]
[blogs.adb.org/sites/blogs/files/styles/square_100/public/pictures/allison-woodruff1d3d.jpg]
[blogs.adb.org/author/amanda-satterly.html]
[blogs.adb.org/sites/blogs/files/styles/square_100/public/pictures/Screen Shot 2021-03-09 at 3.59.26 PM8822.png]
[blogs.adb.org/author/amir-jilani.html]
[blogs.adb.org/sites/blogs/files/styles/square_100/public/pictures/thumbnail_Amir Jilani Linkedin Photob072.jpg]
[blogs.adb.org/author/amrit-ajay-sharma.html]
[blogs.adb.org/sites/blogs/files/styles/square_100/public/pictures/ASharma074f.jpg]
[blogs.adb.org/author/amy-leung.html]
[blogs.adb.org/sites/blogs/files/styles/square_100/public/pictures/amy-leung7676.jpg]
[blogs.adb.org/author/andrew-brubaker.html]
[blogs.adb.org/sites/blogs/files/styles/square_100/public/pictures/ETS_3828_Fotorf662.jpg]
[blogs.adb.org/author/andrew-mcintyre.html]
[blogs.adb.org/sites/blogs/files/styles/square_100/public/pictures/M1_Fotor6bf5.jpg]
[blogs.adb.org/author/andrew-parker.html]
[blogs.adb.org/sites/blogs/files/styles/square_100/public/pictures/IND_6752_Fotorf5dc.jpg]
[blogs.adb.org/author/andrew-perrin.html]
[blogs.adb.org/sites/blogs/files/styles/square_100/public/pictures/AndrewPerrin976e.jpg]
[blogs.adb.org/author/angelo-jose-lumba.html]
[blogs.adb.org/sites/blogs/files/styles/square_100/public/pictures/UPMBA_2206 cm (1)a29d.jpg]
[blogs.adb.org/author/aniruddha-patil.html]
[blogs.adb.org/sites/blogs/files/styles/square_100/public/pictures/aniruddha-patil_0866e.png]
[blogs.adb.org/author/anna-cassandra-melendez.html]
[blogs.adb.org/sites/blogs/files/styles/square_100/public/pictures/ACM photoef1e.jpg]
[blogs.adb.org/author/anna-christine-d-durante.html]
[blogs.adb.org/sites/blogs/files/styles/square_100/public/pictures/ADDurante75d0.jpg]
[blogs.adb.org/author/anna-fink.html]
[blogs.adb.org/sites/blogs/files/styles/square_100/public/pictures/annafink3817.jpg]
[blogs.adb.org/author/anna-oposa.html]
[blogs.adb.org/sites/blogs/files/styles/square_100/public/pictures/AOposa07ec.jpg]
[blogs.adb.org/sites/blogs/files/styles/square_100/public/pictures/Screen Shot 2021-03-09 at 4.00.38 PM62a0.png]
[blogs.adb.org/author/annika-seiler.html]
[blogs.adb.org/sites/blogs/files/styles/square_100/public/pictures/Annika Seiler-photo (4)c5b6.jpg]
[blogs.adb.org/author/anouj-mehta.html]
[blogs.adb.org/sites/blogs/files/styles/square_100/public/pictures/Anouj Mehta-photo (1)_Fotor0139.jpg]
[blogs.adb.org/author/anshukant-taneja.html]
[blogs.adb.org/sites/blogs/files/styles/square_100/public/pictures/DSCF1703 (1)da22.jpg]
[blogs.adb.org/author/antonio-francesco-gravina.html]
[blogs.adb.org/sites/blogs/files/styles/square_100/public/pictures/Gravina_photoe9e4.jpg]
[blogs.adb.org/author/antonio-lopez.html]
[blogs.adb.org/sites/blogs/files/styles/square_100/public/pictures/picture-676-1440563663_060de.jpg]
[blogs.adb.org/author/anupma-jain.html]
[blogs.adb.org/sites/blogs/files/styles/square_100/public/pictures/anupma-jain3166.png]
[blogs.adb.org/author/anuradha-rajivan.html]
[blogs.adb.org/sites/blogs/files/styles/square_100/public/pictures/picture-629-1436938801_04ad8.png]
[blogs.adb.org/author/anushree-deb.html]
[blogs.adb.org/sites/blogs/files/styles/square_100/public/pictures/IMG_0207e3e0.jpg]
[blogs.adb.org/author/apurva-kumar.html]
[blogs.adb.org/sites/blogs/files/styles/square_100/public/pictures/getPhoto-3_Fotor9194.jpg]
[blogs.adb.org/author/archana-patankar.html]
[blogs.adb.org/sites/blogs/files/styles/square_100/public/pictures/India disaster blogbca9.jpg]
[blogs.adb.org/author/arghya-sinha-roy.html]
[blogs.adb.org/sites/blogs/files/styles/square_100/public/pictures/arghya_Fotore4d9.jpg]
[blogs.adb.org/author/ari-kalliokoski.html]
[blogs.adb.org/sites/blogs/files/styles/square_100/public/pictures/Ari Kb9e5.jpg]
[blogs.adb.org/author/ari-perdana.html]
[blogs.adb.org/sites/blogs/files/styles/square_100/public/pictures/Ari Perdana8aa2.jpg]
[blogs.adb.org/author/arief-ramayandi.html]
[blogs.adb.org/sites/blogs/files/styles/square_100/public/pictures/Arief Ramayandi_Fotora642.jpg]
[blogs.adb.org/author/arjun-b-kumal.html]
[blogs.adb.org/sites/blogs/files/styles/square_100/public/pictures/IMG_3304_Fotorfc9e.jpg]
[blogs.adb.org/author/arjun-goswami.html]
[blogs.adb.org/sites/blogs/files/styles/square_100/public/pictures/ETS_4036_Fotor50f5.jpg]
[blogs.adb.org/author/armando-barrientos.html]
[blogs.adb.org/sites/blogs/files/styles/square_100/public/pictures/hqdefault_Fotor1b8c.jpg]
[blogs.adb.org/author/armin-bauer.html]
[blogs.adb.org/sites/blogs/files/styles/square_100/public/pictures/armin - junkee_Fotorc3af.jpg]
[blogs.adb.org/author/artur-andrysiak.html]
[blogs.adb.org/sites/blogs/files/styles/square_100/public/pictures/AAndrysiak290b.jpg]
[blogs.adb.org/author/arturo-martinez.html]
[blogs.adb.org/sites/blogs/files/styles/square_100/public/pictures/getPhoto-2c547.jpg]
[blogs.adb.org/author/arun-ramamurthy.html]
[blogs.adb.org/sites/blogs/files/styles/square_100/public/pictures/getPhoto-5ca20.jpg]
[blogs.adb.org/author/arup-kumar-chatterjee.html]
[blogs.adb.org/sites/blogs/files/styles/square_100/public/pictures/Screen Shot 2021-07-20 at 3.19.41 PM75e4.jpg]
[blogs.adb.org/author/arushi-gupta.html]
[blogs.adb.org/sites/blogs/files/styles/square_100/public/pictures/Headshot_Arushi Gupta7e12.jpg]
[blogs.adb.org/author/arvind-kumar.html]
[blogs.adb.org/sites/blogs/files/styles/square_100/public/pictures/arvind-kumarde14.jpg]
[blogs.adb.org/author/ashok-bhargava.html]
[blogs.adb.org/sites/blogs/files/styles/square_100/public/pictures/Ashok bhargava-photo-20198ec1.jpg]
[blogs.adb.org/author/asian-development-blog-authors.html]
[blogs.adb.org/author/atsuko-hirose.html]
[blogs.adb.org/sites/blogs/files/styles/square_100/public/pictures/AHirose1051.png]
[blogs.adb.org/author/atsumasa-sakai.html]
[blogs.adb.org/sites/blogs/files/styles/square_100/public/pictures/thumbnail_image004c6e1.png]
[blogs.adb.org/author/au-shion-yee.html]
[blogs.adb.org/sites/blogs/files/styles/square_100/public/pictures/Screen Shot 2022-04-08 at 4.21.33 PMf1c1.png]
[blogs.adb.org/author/audrey-chia.html]
[blogs.adb.org/sites/blogs/files/styles/square_100/public/pictures/audrey_Fotor4357.png]
[blogs.adb.org/author/aya-suzuki.html]
[blogs.adb.org/sites/blogs/files/styles/square_100/public/pictures/Screen Shot 2021-11-23 at 9.29.50 AMfd21.png]
[blogs.adb.org/author/ayako-inagaki.html]
[blogs.adb.org/sites/blogs/files/styles/square_100/public/pictures/Screen Shot 2021-12-14 at 4.47.05 PM4148.png]
[blogs.adb.org/author/ayumi-konishi.html]
[blogs.adb.org/sites/blogs/files/styles/square_100/public/pictures/Screen Shot 2017-06-19 at 10_Fotor9f0d.png]
[blogs.adb.org/author/ayun-sundari.html]
[blogs.adb.org/sites/blogs/files/styles/square_100/public/pictures/0_Fotora742.png]
[blogs.adb.org/archive/authors3.html]
[blogs.adb.org/cdn-cgi/l/email-protection.html]
[blogs.adb.org/archive/country/10396.html]
[blogs.adb.org/archive/country/10401.html]
[blogs.adb.org/archive/country/10406.html]
[blogs.adb.org/archive/country/10411.html]
[blogs.adb.org/archive/country/10416.html]
[blogs.adb.org/archive/language/dz.html]
[blogs.adb.org/archive/country/10421.html]
[blogs.adb.org/archive/country/10426.html]
[blogs.adb.org/archive/language/km.html]
[blogs.adb.org/archive/country/10431.html]
[blogs.adb.org/archive/language/zh-hans.html]
[blogs.adb.org/archive/country/10436.html]
[blogs.adb.org/archive/country/10441.html]
[blogs.adb.org/archive/country/10446.html]
[blogs.adb.org/archive/language/ka.html]
[blogs.adb.org/archive/country/10451.html]
[blogs.adb.org/archive/country/10456.html]
[blogs.adb.org/archive/country/10461.html]
[blogs.adb.org/archive/language/id.html]
